# DAB/DAB+ Automotive Audio Decoder Test Harness Execution Log
# Input: english_dab_plus.au | Codec: HE-AAC v2 | Sample Rate: 48000 Hz
# Frame	AU_Len	AU_Status	Conceal_Mode	Mute_State	Gain_Q15	Quality	Trigger	Samples
0	356	CRC_ERR	INTERP	IDLE	32767	0	0b01	960
1	363	CRC_ERR	INTERP	IDLE	32767	0	0b01	960
2	375	CRC_ERR	ATTEN	IDLE	32767	0	0b01	960
3	357	CRC_ERR	ATTEN	IDLE	32767	0	0b01	960
4	363	CRC_ERR	ATTEN	IDLE	32767	0	0b01	960
5	374	CRC_ERR	ATTEN	IDLE	32767	0	0b01	960
6	357	CRC_ERR	MUTED	SUSTAIN	0	0	0b10	960
7	363	CRC_ERR	MUTED	SUSTAIN	0	0	0b10	960
8	374	CRC_ERR	MUTED	SUSTAIN	0	0	0b10	960
9	357	CRC_ERR	MUTED	SUSTAIN	0	0	0b10	960
10	363	CRC_ERR	MUTED	SUSTAIN	0	0	0b10	960
11	374	CRC_ERR	MUTED	SUSTAIN	0	0	0b10	960
12	357	CRC_ERR	MUTED	SUSTAIN	0	0	0b10	960
13	363	CRC_ERR	MUTED	SUSTAIN	0	0	0b10	960
14	374	CRC_ERR	MUTED	SUSTAIN	0	0	0b10	960
15	357	CRC_ERR	MUTED	SUSTAIN	0	0	0b10	960
16	363	CRC_ERR	MUTED	SUSTAIN	0	0	0b10	960
17	374	CRC_ERR	MUTED	SUSTAIN	0	0	0b10	960
18	357	CRC_ERR	MUTED	SUSTAIN	0	0	0b10	960
19	363	CRC_ERR	MUTED	SUSTAIN	0	0	0b10	960
20	374	CRC_ERR	MUTED	SUSTAIN	0	0	0b10	960
21	357	CRC_ERR	MUTED	SUSTAIN	0	0	0b10	960
22	363	CRC_ERR	MUTED	SUSTAIN	0	0	0b10	960
23	374	CRC_ERR	MUTED	SUSTAIN	0	0	0b10	960
24	357	CRC_ERR	MUTED	SUSTAIN	0	0	0b10	960
25	363	CRC_ERR	MUTED	SUSTAIN	0	0	0b10	960
26	374	CRC_ERR	MUTED	SUSTAIN	0	0	0b10	960
27	357	CRC_ERR	MUTED	SUSTAIN	0	0	0b10	960
28	363	CRC_ERR	MUTED	SUSTAIN	0	0	0b10	960
29	374	CRC_ERR	MUTED	SUSTAIN	0	0	0b10	960
30	357	CRC_ERR	MUTED	SUSTAIN	0	0	0b10	960
31	363	CRC_ERR	MUTED	SUSTAIN	0	0	0b10	960
32	374	CRC_ERR	MUTED	SUSTAIN	0	0	0b10	960
33	357	CRC_ERR	MUTED	SUSTAIN	0	0	0b10	960
34	363	CRC_ERR	MUTED	SUSTAIN	0	0	0b10	960
35	374	CRC_ERR	MUTED	SUSTAIN	0	0	0b10	960
36	357	CRC_ERR	MUTED	SUSTAIN	0	0	0b10	960
37	363	CRC_ERR	MUTED	SUSTAIN	0	0	0b10	960
38	374	CRC_ERR	MUTED	SUSTAIN	0	0	0b10	960
39	357	CRC_ERR	MUTED	SUSTAIN	0	0	0b10	960
40	363	CRC_ERR	MUTED	SUSTAIN	0	0	0b10	960
41	374	CRC_ERR	MUTED	SUSTAIN	0	0	0b10	960
42	357	CRC_ERR	MUTED	SUSTAIN	0	0	0b10	960
43	363	CRC_ERR	MUTED	SUSTAIN	0	0	0b10	960
44	374	CRC_ERR	MUTED	SUSTAIN	0	0	0b10	960
45	357	CRC_ERR	MUTED	SUSTAIN	0	0	0b10	960
46	363	CRC_ERR	MUTED	SUSTAIN	0	0	0b10	960
47	374	CRC_ERR	MUTED	SUSTAIN	0	0	0b10	960
48	357	CRC_ERR	MUTED	SUSTAIN	0	0	0b10	960
49	363	CRC_ERR	MUTED	SUSTAIN	0	0	0b10	960
50	374	CRC_ERR	MUTED	SUSTAIN	0	0	0b10	960
51	357	CRC_ERR	MUTED	SUSTAIN	0	0	0b10	960
52	363	CRC_ERR	MUTED	SUSTAIN	0	0	0b10	960
53	374	CRC_ERR	MUTED	SUSTAIN	0	0	0b10	960
54	357	CRC_ERR	MUTED	SUSTAIN	0	0	0b10	960
55	363	CRC_ERR	MUTED	SUSTAIN	0	0	0b10	960
56	374	CRC_ERR	MUTED	SUSTAIN	0	0	0b10	960
57	357	CRC_ERR	MUTED	SUSTAIN	0	0	0b10	960
58	363	CRC_ERR	MUTED	SUSTAIN	0	0	0b10	960
59	374	CRC_ERR	MUTED	SUSTAIN	0	0	0b10	960
60	357	CRC_ERR	MUTED	SUSTAIN	0	0	0b10	960
61	363	CRC_ERR	MUTED	SUSTAIN	0	0	0b10	960
62	374	CRC_ERR	MUTED	SUSTAIN	0	0	0b10	960
63	357	CRC_ERR	MUTED	SUSTAIN	0	0	0b10	960
64	363	CRC_ERR	MUTED	SUSTAIN	0	0	0b10	960
65	374	CRC_ERR	MUTED	SUSTAIN	0	0	0b10	960
66	357	CRC_ERR	MUTED	SUSTAIN	0	0	0b10	960
67	363	CRC_ERR	MUTED	SUSTAIN	0	0	0b10	960
68	374	CRC_ERR	MUTED	SUSTAIN	0	0	0b10	960
69	357	CRC_ERR	MUTED	SUSTAIN	0	0	0b10	960
70	363	CRC_ERR	MUTED	SUSTAIN	0	0	0b10	960
71	374	CRC_ERR	MUTED	SUSTAIN	0	0	0b10	960
72	357	CRC_ERR	MUTED	SUSTAIN	0	0	0b10	960
73	363	CRC_ERR	MUTED	SUSTAIN	0	0	0b10	960
74	374	CRC_ERR	MUTED	SUSTAIN	0	0	0b10	960
75	357	CRC_ERR	MUTED	SUSTAIN	0	0	0b10	960
76	363	CRC_ERR	MUTED	SUSTAIN	0	0	0b10	960
77	374	CRC_ERR	MUTED	SUSTAIN	0	0	0b10	960
78	357	CRC_ERR	MUTED	SUSTAIN	0	0	0b10	960
79	363	CRC_ERR	MUTED	SUSTAIN	0	0	0b10	960
80	374	CRC_ERR	MUTED	SUSTAIN	0	0	0b10	960
81	357	CRC_ERR	MUTED	SUSTAIN	0	0	0b10	960
82	363	CRC_ERR	MUTED	SUSTAIN	0	0	0b10	960
83	374	CRC_ERR	MUTED	SUSTAIN	0	0	0b10	960
84	357	CRC_ERR	MUTED	SUSTAIN	0	0	0b10	960
85	363	CRC_ERR	MUTED	SUSTAIN	0	0	0b10	960
86	374	CRC_ERR	MUTED	SUSTAIN	0	0	0b10	960
87	357	CRC_ERR	MUTED	SUSTAIN	0	0	0b10	960
88	363	CRC_ERR	MUTED	SUSTAIN	0	0	0b10	960
89	374	CRC_ERR	MUTED	SUSTAIN	0	0	0b10	960
90	357	CRC_ERR	MUTED	SUSTAIN	0	0	0b10	960
91	363	CRC_ERR	MUTED	SUSTAIN	0	0	0b10	960
92	374	CRC_ERR	MUTED	SUSTAIN	0	0	0b10	960
93	357	CRC_ERR	MUTED	SUSTAIN	0	0	0b10	960
94	363	CRC_ERR	MUTED	SUSTAIN	0	0	0b10	960
95	374	CRC_ERR	MUTED	SUSTAIN	0	0	0b10	960
96	357	CRC_ERR	MUTED	SUSTAIN	0	0	0b10	960
97	363	CRC_ERR	MUTED	SUSTAIN	0	0	0b10	960
98	374	CRC_ERR	MUTED	SUSTAIN	0	0	0b10	960
99	357	CRC_ERR	MUTED	SUSTAIN	0	0	0b10	960
100	363	CRC_ERR	MUTED	SUSTAIN	0	0	0b10	960
101	374	CRC_ERR	MUTED	SUSTAIN	0	0	0b10	960
102	357	CRC_ERR	MUTED	SUSTAIN	0	0	0b10	960
103	363	CRC_ERR	MUTED	SUSTAIN	0	0	0b10	960
104	374	CRC_ERR	MUTED	SUSTAIN	0	0	0b10	960
105	357	CRC_ERR	MUTED	SUSTAIN	0	0	0b10	960
106	363	CRC_ERR	MUTED	SUSTAIN	0	0	0b10	960
107	374	CRC_ERR	MUTED	SUSTAIN	0	0	0b10	960
108	357	CRC_ERR	MUTED	SUSTAIN	0	0	0b10	960
109	363	CRC_ERR	MUTED	SUSTAIN	0	0	0b10	960
110	374	CRC_ERR	MUTED	SUSTAIN	0	0	0b10	960
111	357	CRC_ERR	MUTED	SUSTAIN	0	0	0b10	960
112	363	CRC_ERR	MUTED	SUSTAIN	0	0	0b10	960
113	374	CRC_ERR	MUTED	SUSTAIN	0	0	0b10	960
114	357	CRC_ERR	MUTED	SUSTAIN	0	0	0b10	960
115	363	CRC_ERR	MUTED	SUSTAIN	0	0	0b10	960
116	374	CRC_ERR	MUTED	SUSTAIN	0	0	0b10	960
117	357	CRC_ERR	MUTED	SUSTAIN	0	0	0b10	960
118	363	CRC_ERR	MUTED	SUSTAIN	0	0	0b10	960
119	374	CRC_ERR	MUTED	SUSTAIN	0	0	0b10	960
120	357	CRC_ERR	MUTED	SUSTAIN	0	0	0b10	960
121	363	CRC_ERR	MUTED	SUSTAIN	0	0	0b10	960
122	374	CRC_ERR	MUTED	SUSTAIN	0	0	0b10	960
123	357	CRC_ERR	MUTED	SUSTAIN	0	0	0b10	960
124	363	CRC_ERR	MUTED	SUSTAIN	0	0	0b10	960
125	374	CRC_ERR	MUTED	SUSTAIN	0	0	0b10	960
126	357	CRC_ERR	MUTED	SUSTAIN	0	0	0b10	960
127	363	CRC_ERR	MUTED	SUSTAIN	0	0	0b10	960
128	374	CRC_ERR	MUTED	SUSTAIN	0	0	0b10	960
129	357	CRC_ERR	MUTED	SUSTAIN	0	0	0b10	960
130	363	CRC_ERR	MUTED	SUSTAIN	0	0	0b10	960
131	374	CRC_ERR	MUTED	SUSTAIN	0	0	0b10	960
132	357	CRC_ERR	MUTED	SUSTAIN	0	0	0b10	960
133	363	CRC_ERR	MUTED	SUSTAIN	0	0	0b10	960
134	374	CRC_ERR	MUTED	SUSTAIN	0	0	0b10	960
135	357	CRC_ERR	MUTED	SUSTAIN	0	0	0b10	960
136	363	CRC_ERR	MUTED	SUSTAIN	0	0	0b10	960
137	374	CRC_ERR	MUTED	SUSTAIN	0	0	0b10	960
138	357	CRC_ERR	MUTED	SUSTAIN	0	0	0b10	960
139	363	CRC_ERR	MUTED	SUSTAIN	0	0	0b10	960
140	374	CRC_ERR	MUTED	SUSTAIN	0	0	0b10	960
141	357	CRC_ERR	MUTED	SUSTAIN	0	0	0b10	960
142	363	CRC_ERR	MUTED	SUSTAIN	0	0	0b10	960
143	374	CRC_ERR	MUTED	SUSTAIN	0	0	0b10	960
144	357	CRC_ERR	MUTED	SUSTAIN	0	0	0b10	960
145	363	CRC_ERR	MUTED	SUSTAIN	0	0	0b10	960
146	374	CRC_ERR	MUTED	SUSTAIN	0	0	0b10	960
147	357	CRC_ERR	MUTED	SUSTAIN	0	0	0b10	960
148	363	CRC_ERR	MUTED	SUSTAIN	0	0	0b10	960
149	374	CRC_ERR	MUTED	SUSTAIN	0	0	0b10	960
150	356	CRC_ERR	MUTED	SUSTAIN	0	0	0b10	960
151	363	CRC_ERR	MUTED	SUSTAIN	0	0	0b10	960
152	375	CRC_ERR	MUTED	SUSTAIN	0	0	0b10	960
153	357	CRC_ERR	MUTED	SUSTAIN	0	0	0b10	960
154	363	CRC_ERR	MUTED	SUSTAIN	0	0	0b10	960
155	374	CRC_ERR	MUTED	SUSTAIN	0	0	0b10	960
156	357	CRC_ERR	MUTED	SUSTAIN	0	0	0b10	960
157	363	CRC_ERR	MUTED	SUSTAIN	0	0	0b10	960
158	374	CRC_ERR	MUTED	SUSTAIN	0	0	0b10	960
159	357	CRC_ERR	MUTED	SUSTAIN	0	0	0b10	960
160	363	CRC_ERR	MUTED	SUSTAIN	0	0	0b10	960
161	374	CRC_ERR	MUTED	SUSTAIN	0	0	0b10	960
162	357	CRC_ERR	MUTED	SUSTAIN	0	0	0b10	960
163	363	CRC_ERR	MUTED	SUSTAIN	0	0	0b10	960
164	374	CRC_ERR	MUTED	SUSTAIN	0	0	0b10	960
165	357	CRC_ERR	MUTED	SUSTAIN	0	0	0b10	960
166	363	CRC_ERR	MUTED	SUSTAIN	0	0	0b10	960
167	374	CRC_ERR	MUTED	SUSTAIN	0	0	0b10	960
168	357	CRC_ERR	MUTED	SUSTAIN	0	0	0b10	960
169	363	CRC_ERR	MUTED	SUSTAIN	0	0	0b10	960
170	374	CRC_ERR	MUTED	SUSTAIN	0	0	0b10	960
171	357	CRC_ERR	MUTED	SUSTAIN	0	0	0b10	960
172	363	CRC_ERR	MUTED	SUSTAIN	0	0	0b10	960
173	374	CRC_ERR	MUTED	SUSTAIN	0	0	0b10	960
174	357	CRC_ERR	MUTED	SUSTAIN	0	0	0b10	960
175	363	CRC_ERR	MUTED	SUSTAIN	0	0	0b10	960
176	374	CRC_ERR	MUTED	SUSTAIN	0	0	0b10	960
177	357	CRC_ERR	MUTED	SUSTAIN	0	0	0b10	960
178	363	CRC_ERR	MUTED	SUSTAIN	0	0	0b10	960
179	374	CRC_ERR	MUTED	SUSTAIN	0	0	0b10	960
180	357	CRC_ERR	MUTED	SUSTAIN	0	0	0b10	960
181	363	CRC_ERR	MUTED	SUSTAIN	0	0	0b10	960
182	374	CRC_ERR	MUTED	SUSTAIN	0	0	0b10	960
183	357	CRC_ERR	MUTED	SUSTAIN	0	0	0b10	960
184	363	CRC_ERR	MUTED	SUSTAIN	0	0	0b10	960
185	374	CRC_ERR	MUTED	SUSTAIN	0	0	0b10	960
186	357	CRC_ERR	MUTED	SUSTAIN	0	0	0b10	960
187	363	CRC_ERR	MUTED	SUSTAIN	0	0	0b10	960
188	374	CRC_ERR	MUTED	SUSTAIN	0	0	0b10	960
189	357	CRC_ERR	MUTED	SUSTAIN	0	0	0b10	960
190	363	CRC_ERR	MUTED	SUSTAIN	0	0	0b10	960
191	374	CRC_ERR	MUTED	SUSTAIN	0	0	0b10	960
192	357	CRC_ERR	MUTED	SUSTAIN	0	0	0b10	960
193	363	CRC_ERR	MUTED	SUSTAIN	0	0	0b10	960
194	374	CRC_ERR	MUTED	SUSTAIN	0	0	0b10	960
195	357	CRC_ERR	MUTED	SUSTAIN	0	0	0b10	960
196	363	CRC_ERR	MUTED	SUSTAIN	0	0	0b10	960
197	374	CRC_ERR	MUTED	SUSTAIN	0	0	0b10	960
198	357	CRC_ERR	MUTED	SUSTAIN	0	0	0b10	960
199	363	CRC_ERR	MUTED	SUSTAIN	0	0	0b10	960
200	374	CRC_ERR	MUTED	SUSTAIN	0	0	0b10	960
201	357	CRC_ERR	MUTED	SUSTAIN	0	0	0b10	960
202	362	CRC_ERR	MUTED	SUSTAIN	0	0	0b10	960
203	375	CRC_ERR	MUTED	SUSTAIN	0	0	0b10	960
204	357	CRC_ERR	MUTED	SUSTAIN	0	0	0b10	960
205	362	CRC_ERR	MUTED	SUSTAIN	0	0	0b10	960
206	375	CRC_ERR	MUTED	SUSTAIN	0	0	0b10	960
207	357	CRC_ERR	MUTED	SUSTAIN	0	0	0b10	960
208	362	CRC_ERR	MUTED	SUSTAIN	0	0	0b10	960
209	375	CRC_ERR	MUTED	SUSTAIN	0	0	0b10	960
210	357	CRC_ERR	MUTED	SUSTAIN	0	0	0b10	960
211	362	CRC_ERR	MUTED	SUSTAIN	0	0	0b10	960
212	375	CRC_ERR	MUTED	SUSTAIN	0	0	0b10	960
213	357	CRC_ERR	MUTED	SUSTAIN	0	0	0b10	960
214	362	CRC_ERR	MUTED	SUSTAIN	0	0	0b10	960
215	375	CRC_ERR	MUTED	SUSTAIN	0	0	0b10	960
216	358	CRC_ERR	MUTED	SUSTAIN	0	0	0b10	960
217	361	CRC_ERR	MUTED	SUSTAIN	0	0	0b10	960
218	375	CRC_ERR	MUTED	SUSTAIN	0	0	0b10	960
219	357	CRC_ERR	MUTED	SUSTAIN	0	0	0b10	960
220	362	CRC_ERR	MUTED	SUSTAIN	0	0	0b10	960
221	375	CRC_ERR	MUTED	SUSTAIN	0	0	0b10	960
222	357	CRC_ERR	MUTED	SUSTAIN	0	0	0b10	960
223	362	CRC_ERR	MUTED	SUSTAIN	0	0	0b10	960
224	375	CRC_ERR	MUTED	SUSTAIN	0	0	0b10	960
225	357	CRC_ERR	MUTED	SUSTAIN	0	0	0b10	960
226	362	CRC_ERR	MUTED	SUSTAIN	0	0	0b10	960
227	375	CRC_ERR	MUTED	SUSTAIN	0	0	0b10	960
228	357	CRC_ERR	MUTED	SUSTAIN	0	0	0b10	960
229	362	CRC_ERR	MUTED	SUSTAIN	0	0	0b10	960
230	375	CRC_ERR	MUTED	SUSTAIN	0	0	0b10	960
231	357	CRC_ERR	MUTED	SUSTAIN	0	0	0b10	960
232	362	CRC_ERR	MUTED	SUSTAIN	0	0	0b10	960
233	375	CRC_ERR	MUTED	SUSTAIN	0	0	0b10	960
234	357	CRC_ERR	MUTED	SUSTAIN	0	0	0b10	960
235	362	CRC_ERR	MUTED	SUSTAIN	0	0	0b10	960
236	375	CRC_ERR	MUTED	SUSTAIN	0	0	0b10	960
237	357	CRC_ERR	MUTED	SUSTAIN	0	0	0b10	960
238	362	CRC_ERR	MUTED	SUSTAIN	0	0	0b10	960
239	375	CRC_ERR	MUTED	SUSTAIN	0	0	0b10	960
240	357	CRC_ERR	MUTED	SUSTAIN	0	0	0b10	960
241	362	CRC_ERR	MUTED	SUSTAIN	0	0	0b10	960
242	375	CRC_ERR	MUTED	SUSTAIN	0	0	0b10	960
243	357	CRC_ERR	MUTED	SUSTAIN	0	0	0b10	960
244	362	CRC_ERR	MUTED	SUSTAIN	0	0	0b10	960
245	375	CRC_ERR	MUTED	SUSTAIN	0	0	0b10	960
246	357	CRC_ERR	MUTED	SUSTAIN	0	0	0b10	960
247	362	CRC_ERR	MUTED	SUSTAIN	0	0	0b10	960
248	375	CRC_ERR	MUTED	SUSTAIN	0	0	0b10	960
249	357	CRC_ERR	MUTED	SUSTAIN	0	0	0b10	960
250	362	CRC_ERR	MUTED	SUSTAIN	0	0	0b10	960
251	375	CRC_ERR	MUTED	SUSTAIN	0	0	0b10	960
252	357	CRC_ERR	MUTED	SUSTAIN	0	0	0b10	960
253	362	CRC_ERR	MUTED	SUSTAIN	0	0	0b10	960
254	375	CRC_ERR	MUTED	SUSTAIN	0	0	0b10	960
255	357	CRC_ERR	MUTED	SUSTAIN	0	0	0b10	960
256	362	CRC_ERR	MUTED	SUSTAIN	0	0	0b10	960
257	375	CRC_ERR	MUTED	SUSTAIN	0	0	0b10	960
258	357	CRC_ERR	MUTED	SUSTAIN	0	0	0b10	960
259	362	CRC_ERR	MUTED	SUSTAIN	0	0	0b10	960
260	375	CRC_ERR	MUTED	SUSTAIN	0	0	0b10	960
261	357	CRC_ERR	MUTED	SUSTAIN	0	0	0b10	960
262	362	CRC_ERR	MUTED	SUSTAIN	0	0	0b10	960
263	375	CRC_ERR	MUTED	SUSTAIN	0	0	0b10	960
264	357	CRC_ERR	MUTED	SUSTAIN	0	0	0b10	960
265	362	CRC_ERR	MUTED	SUSTAIN	0	0	0b10	960
266	375	CRC_ERR	MUTED	SUSTAIN	0	0	0b10	960
267	357	CRC_ERR	MUTED	SUSTAIN	0	0	0b10	960
268	362	CRC_ERR	MUTED	SUSTAIN	0	0	0b10	960
269	375	CRC_ERR	MUTED	SUSTAIN	0	0	0b10	960
270	357	CRC_ERR	MUTED	SUSTAIN	0	0	0b10	960
271	362	CRC_ERR	MUTED	SUSTAIN	0	0	0b10	960
272	375	CRC_ERR	MUTED	SUSTAIN	0	0	0b10	960
273	357	CRC_ERR	MUTED	SUSTAIN	0	0	0b10	960
274	362	CRC_ERR	MUTED	SUSTAIN	0	0	0b10	960
275	375	CRC_ERR	MUTED	SUSTAIN	0	0	0b10	960
276	357	CRC_ERR	MUTED	SUSTAIN	0	0	0b10	960
277	362	CRC_ERR	MUTED	SUSTAIN	0	0	0b10	960
278	375	CRC_ERR	MUTED	SUSTAIN	0	0	0b10	960
279	357	CRC_ERR	MUTED	SUSTAIN	0	0	0b10	960
280	362	CRC_ERR	MUTED	SUSTAIN	0	0	0b10	960
281	375	CRC_ERR	MUTED	SUSTAIN	0	0	0b10	960
282	357	CRC_ERR	MUTED	SUSTAIN	0	0	0b10	960
283	362	CRC_ERR	MUTED	SUSTAIN	0	0	0b10	960
284	375	CRC_ERR	MUTED	SUSTAIN	0	0	0b10	960
285	357	CRC_ERR	MUTED	SUSTAIN	0	0	0b10	960
286	362	CRC_ERR	MUTED	SUSTAIN	0	0	0b10	960
287	375	CRC_ERR	MUTED	SUSTAIN	0	0	0b10	960
288	357	CRC_ERR	MUTED	SUSTAIN	0	0	0b10	960
289	362	CRC_ERR	MUTED	SUSTAIN	0	0	0b10	960
290	375	CRC_ERR	MUTED	SUSTAIN	0	0	0b10	960
291	357	CRC_ERR	MUTED	SUSTAIN	0	0	0b10	960
292	362	CRC_ERR	MUTED	SUSTAIN	0	0	0b10	960
293	375	CRC_ERR	MUTED	SUSTAIN	0	0	0b10	960
294	357	CRC_ERR	MUTED	SUSTAIN	0	0	0b10	960
295	362	CRC_ERR	MUTED	SUSTAIN	0	0	0b10	960
296	375	CRC_ERR	MUTED	SUSTAIN	0	0	0b10	960
297	357	CRC_ERR	MUTED	SUSTAIN	0	0	0b10	960
298	362	CRC_ERR	MUTED	SUSTAIN	0	0	0b10	960
299	375	CRC_ERR	MUTED	SUSTAIN	0	0	0b10	960
300	357	CRC_ERR	MUTED	SUSTAIN	0	0	0b10	960
301	362	CRC_ERR	MUTED	SUSTAIN	0	0	0b10	960
302	375	CRC_ERR	MUTED	SUSTAIN	0	0	0b10	960
303	357	CRC_ERR	MUTED	SUSTAIN	0	0	0b10	960
304	362	CRC_ERR	MUTED	SUSTAIN	0	0	0b10	960
305	375	CRC_ERR	MUTED	SUSTAIN	0	0	0b10	960
306	357	CRC_ERR	MUTED	SUSTAIN	0	0	0b10	960
307	362	CRC_ERR	MUTED	SUSTAIN	0	0	0b10	960
308	375	CRC_ERR	MUTED	SUSTAIN	0	0	0b10	960
309	357	CRC_ERR	MUTED	SUSTAIN	0	0	0b10	960
310	362	CRC_ERR	MUTED	SUSTAIN	0	0	0b10	960
311	375	CRC_ERR	MUTED	SUSTAIN	0	0	0b10	960
312	357	CRC_ERR	MUTED	SUSTAIN	0	0	0b10	960
313	362	CRC_ERR	MUTED	SUSTAIN	0	0	0b10	960
314	375	CRC_ERR	MUTED	SUSTAIN	0	0	0b10	960
315	357	CRC_ERR	MUTED	SUSTAIN	0	0	0b10	960
316	362	CRC_ERR	MUTED	SUSTAIN	0	0	0b10	960
317	375	CRC_ERR	MUTED	SUSTAIN	0	0	0b10	960
318	357	CRC_ERR	MUTED	SUSTAIN	0	0	0b10	960
319	362	CRC_ERR	MUTED	SUSTAIN	0	0	0b10	960
320	375	CRC_ERR	MUTED	SUSTAIN	0	0	0b10	960
321	357	CRC_ERR	MUTED	SUSTAIN	0	0	0b10	960
322	362	CRC_ERR	MUTED	SUSTAIN	0	0	0b10	960
323	375	CRC_ERR	MUTED	SUSTAIN	0	0	0b10	960
324	357	CRC_ERR	MUTED	SUSTAIN	0	0	0b10	960
325	362	CRC_ERR	MUTED	SUSTAIN	0	0	0b10	960
326	375	CRC_ERR	MUTED	SUSTAIN	0	0	0b10	960
327	357	CRC_ERR	MUTED	SUSTAIN	0	0	0b10	960
328	362	CRC_ERR	MUTED	SUSTAIN	0	0	0b10	960
329	375	CRC_ERR	MUTED	SUSTAIN	0	0	0b10	960
330	357	CRC_ERR	MUTED	SUSTAIN	0	0	0b10	960
331	362	CRC_ERR	MUTED	SUSTAIN	0	0	0b10	960
332	375	CRC_ERR	MUTED	SUSTAIN	0	0	0b10	960
333	357	CRC_ERR	MUTED	SUSTAIN	0	0	0b10	960
334	362	CRC_ERR	MUTED	SUSTAIN	0	0	0b10	960
335	375	CRC_ERR	MUTED	SUSTAIN	0	0	0b10	960
336	357	CRC_ERR	MUTED	SUSTAIN	0	0	0b10	960
337	362	CRC_ERR	MUTED	SUSTAIN	0	0	0b10	960
338	375	CRC_ERR	MUTED	SUSTAIN	0	0	0b10	960
339	357	CRC_ERR	MUTED	SUSTAIN	0	0	0b10	960
340	362	CRC_ERR	MUTED	SUSTAIN	0	0	0b10	960
341	375	CRC_ERR	MUTED	SUSTAIN	0	0	0b10	960
342	357	CRC_ERR	MUTED	SUSTAIN	0	0	0b10	960
343	362	CRC_ERR	MUTED	SUSTAIN	0	0	0b10	960
344	375	CRC_ERR	MUTED	SUSTAIN	0	0	0b10	960
345	357	CRC_ERR	MUTED	SUSTAIN	0	0	0b10	960
346	362	CRC_ERR	MUTED	SUSTAIN	0	0	0b10	960
347	375	CRC_ERR	MUTED	SUSTAIN	0	0	0b10	960
348	357	CRC_ERR	MUTED	SUSTAIN	0	0	0b10	960
349	362	CRC_ERR	MUTED	SUSTAIN	0	0	0b10	960
350	375	CRC_ERR	MUTED	SUSTAIN	0	0	0b10	960
351	357	CRC_ERR	MUTED	SUSTAIN	0	0	0b10	960
352	362	CRC_ERR	MUTED	SUSTAIN	0	0	0b10	960
353	375	CRC_ERR	MUTED	SUSTAIN	0	0	0b10	960
354	357	CRC_ERR	MUTED	SUSTAIN	0	0	0b10	960
355	362	CRC_ERR	MUTED	SUSTAIN	0	0	0b10	960
356	375	CRC_ERR	MUTED	SUSTAIN	0	0	0b10	960
357	357	CRC_ERR	MUTED	SUSTAIN	0	0	0b10	960
358	362	CRC_ERR	MUTED	SUSTAIN	0	0	0b10	960
359	375	CRC_ERR	MUTED	SUSTAIN	0	0	0b10	960
360	357	CRC_ERR	MUTED	SUSTAIN	0	0	0b10	960
361	362	CRC_ERR	MUTED	SUSTAIN	0	0	0b10	960
362	375	CRC_ERR	MUTED	SUSTAIN	0	0	0b10	960
363	357	CRC_ERR	MUTED	SUSTAIN	0	0	0b10	960
364	362	CRC_ERR	MUTED	SUSTAIN	0	0	0b10	960
365	375	CRC_ERR	MUTED	SUSTAIN	0	0	0b10	960
366	357	CRC_ERR	MUTED	SUSTAIN	0	0	0b10	960
367	362	CRC_ERR	MUTED	SUSTAIN	0	0	0b10	960
368	375	CRC_ERR	MUTED	SUSTAIN	0	0	0b10	960
369	357	CRC_ERR	MUTED	SUSTAIN	0	0	0b10	960
370	362	CRC_ERR	MUTED	SUSTAIN	0	0	0b10	960
371	375	CRC_ERR	MUTED	SUSTAIN	0	0	0b10	960
372	357	CRC_ERR	MUTED	SUSTAIN	0	0	0b10	960
373	362	CRC_ERR	MUTED	SUSTAIN	0	0	0b10	960
374	375	CRC_ERR	MUTED	SUSTAIN	0	0	0b10	960
375	357	CRC_ERR	MUTED	SUSTAIN	0	0	0b10	960
376	362	CRC_ERR	MUTED	SUSTAIN	0	0	0b10	960
377	375	CRC_ERR	MUTED	SUSTAIN	0	0	0b10	960
378	357	CRC_ERR	MUTED	SUSTAIN	0	0	0b10	960
379	362	CRC_ERR	MUTED	SUSTAIN	0	0	0b10	960
380	375	CRC_ERR	MUTED	SUSTAIN	0	0	0b10	960
381	357	CRC_ERR	MUTED	SUSTAIN	0	0	0b10	960
382	362	CRC_ERR	MUTED	SUSTAIN	0	0	0b10	960
383	375	CRC_ERR	MUTED	SUSTAIN	0	0	0b10	960
384	357	CRC_ERR	MUTED	SUSTAIN	0	0	0b10	960
385	362	CRC_ERR	MUTED	SUSTAIN	0	0	0b10	960
386	375	CRC_ERR	MUTED	SUSTAIN	0	0	0b10	960
387	357	CRC_ERR	MUTED	SUSTAIN	0	0	0b10	960
388	363	CRC_ERR	MUTED	SUSTAIN	0	0	0b10	960
389	374	CRC_ERR	MUTED	SUSTAIN	0	0	0b10	960
390	357	CRC_ERR	MUTED	SUSTAIN	0	0	0b10	960
391	362	CRC_ERR	MUTED	SUSTAIN	0	0	0b10	960
392	375	CRC_ERR	MUTED	SUSTAIN	0	0	0b10	960
393	357	CRC_ERR	MUTED	SUSTAIN	0	0	0b10	960
394	362	CRC_ERR	MUTED	SUSTAIN	0	0	0b10	960
395	375	CRC_ERR	MUTED	SUSTAIN	0	0	0b10	960
396	357	CRC_ERR	MUTED	SUSTAIN	0	0	0b10	960
397	362	CRC_ERR	MUTED	SUSTAIN	0	0	0b10	960
398	375	CRC_ERR	MUTED	SUSTAIN	0	0	0b10	960
399	357	CRC_ERR	MUTED	SUSTAIN	0	0	0b10	960
400	362	CRC_ERR	MUTED	SUSTAIN	0	0	0b10	960
401	375	CRC_ERR	MUTED	SUSTAIN	0	0	0b10	960
402	356	CRC_ERR	MUTED	SUSTAIN	0	0	0b10	960
403	363	CRC_ERR	MUTED	SUSTAIN	0	0	0b10	960
404	375	CRC_ERR	MUTED	SUSTAIN	0	0	0b10	960
405	356	CRC_ERR	MUTED	SUSTAIN	0	0	0b10	960
406	363	CRC_ERR	MUTED	SUSTAIN	0	0	0b10	960
407	375	CRC_ERR	MUTED	SUSTAIN	0	0	0b10	960
408	356	CRC_ERR	MUTED	SUSTAIN	0	0	0b10	960
409	363	CRC_ERR	MUTED	SUSTAIN	0	0	0b10	960
410	375	CRC_ERR	MUTED	SUSTAIN	0	0	0b10	960
411	356	CRC_ERR	MUTED	SUSTAIN	0	0	0b10	960
412	363	CRC_ERR	MUTED	SUSTAIN	0	0	0b10	960
413	375	CRC_ERR	MUTED	SUSTAIN	0	0	0b10	960
414	356	CRC_ERR	MUTED	SUSTAIN	0	0	0b10	960
415	363	CRC_ERR	MUTED	SUSTAIN	0	0	0b10	960
416	375	CRC_ERR	MUTED	SUSTAIN	0	0	0b10	960
417	356	CRC_ERR	MUTED	SUSTAIN	0	0	0b10	960
418	363	CRC_ERR	MUTED	SUSTAIN	0	0	0b10	960
419	375	CRC_ERR	MUTED	SUSTAIN	0	0	0b10	960
420	356	CRC_ERR	MUTED	SUSTAIN	0	0	0b10	960
421	363	CRC_ERR	MUTED	SUSTAIN	0	0	0b10	960
422	375	CRC_ERR	MUTED	SUSTAIN	0	0	0b10	960
423	356	CRC_ERR	MUTED	SUSTAIN	0	0	0b10	960
424	363	CRC_ERR	MUTED	SUSTAIN	0	0	0b10	960
425	375	CRC_ERR	MUTED	SUSTAIN	0	0	0b10	960
426	356	CRC_ERR	MUTED	SUSTAIN	0	0	0b10	960
427	363	CRC_ERR	MUTED	SUSTAIN	0	0	0b10	960
428	375	CRC_ERR	MUTED	SUSTAIN	0	0	0b10	960
429	356	CRC_ERR	MUTED	SUSTAIN	0	0	0b10	960
430	363	CRC_ERR	MUTED	SUSTAIN	0	0	0b10	960
431	375	CRC_ERR	MUTED	SUSTAIN	0	0	0b10	960
432	356	CRC_ERR	MUTED	SUSTAIN	0	0	0b10	960
433	363	CRC_ERR	MUTED	SUSTAIN	0	0	0b10	960
434	375	CRC_ERR	MUTED	SUSTAIN	0	0	0b10	960
435	356	CRC_ERR	MUTED	SUSTAIN	0	0	0b10	960
436	363	CRC_ERR	MUTED	SUSTAIN	0	0	0b10	960
437	375	CRC_ERR	MUTED	SUSTAIN	0	0	0b10	960
438	356	CRC_ERR	MUTED	SUSTAIN	0	0	0b10	960
439	363	CRC_ERR	MUTED	SUSTAIN	0	0	0b10	960
440	375	CRC_ERR	MUTED	SUSTAIN	0	0	0b10	960
441	356	CRC_ERR	MUTED	SUSTAIN	0	0	0b10	960
442	363	CRC_ERR	MUTED	SUSTAIN	0	0	0b10	960
443	375	CRC_ERR	MUTED	SUSTAIN	0	0	0b10	960
444	356	CRC_ERR	MUTED	SUSTAIN	0	0	0b10	960
445	363	CRC_ERR	MUTED	SUSTAIN	0	0	0b10	960
446	375	CRC_ERR	MUTED	SUSTAIN	0	0	0b10	960
447	356	CRC_ERR	MUTED	SUSTAIN	0	0	0b10	960
448	363	CRC_ERR	MUTED	SUSTAIN	0	0	0b10	960
449	375	CRC_ERR	MUTED	SUSTAIN	0	0	0b10	960
450	356	CRC_ERR	MUTED	SUSTAIN	0	0	0b10	960
451	363	CRC_ERR	MUTED	SUSTAIN	0	0	0b10	960
452	375	CRC_ERR	MUTED	SUSTAIN	0	0	0b10	960
453	356	CRC_ERR	MUTED	SUSTAIN	0	0	0b10	960
454	363	CRC_ERR	MUTED	SUSTAIN	0	0	0b10	960
455	375	CRC_ERR	MUTED	SUSTAIN	0	0	0b10	960
456	356	CRC_ERR	MUTED	SUSTAIN	0	0	0b10	960
457	363	CRC_ERR	MUTED	SUSTAIN	0	0	0b10	960
458	375	CRC_ERR	MUTED	SUSTAIN	0	0	0b10	960
459	356	CRC_ERR	MUTED	SUSTAIN	0	0	0b10	960
460	363	CRC_ERR	MUTED	SUSTAIN	0	0	0b10	960
461	375	CRC_ERR	MUTED	SUSTAIN	0	0	0b10	960
462	356	CRC_ERR	MUTED	SUSTAIN	0	0	0b10	960
463	363	CRC_ERR	MUTED	SUSTAIN	0	0	0b10	960
464	375	CRC_ERR	MUTED	SUSTAIN	0	0	0b10	960
465	356	CRC_ERR	MUTED	SUSTAIN	0	0	0b10	960
466	363	CRC_ERR	MUTED	SUSTAIN	0	0	0b10	960
467	375	CRC_ERR	MUTED	SUSTAIN	0	0	0b10	960
468	356	CRC_ERR	MUTED	SUSTAIN	0	0	0b10	960
469	363	CRC_ERR	MUTED	SUSTAIN	0	0	0b10	960
470	375	CRC_ERR	MUTED	SUSTAIN	0	0	0b10	960
471	356	CRC_ERR	MUTED	SUSTAIN	0	0	0b10	960
472	363	CRC_ERR	MUTED	SUSTAIN	0	0	0b10	960
473	375	CRC_ERR	MUTED	SUSTAIN	0	0	0b10	960
474	356	CRC_ERR	MUTED	SUSTAIN	0	0	0b10	960
475	363	CRC_ERR	MUTED	SUSTAIN	0	0	0b10	960
476	375	CRC_ERR	MUTED	SUSTAIN	0	0	0b10	960
477	356	CRC_ERR	MUTED	SUSTAIN	0	0	0b10	960
478	363	CRC_ERR	MUTED	SUSTAIN	0	0	0b10	960
479	375	CRC_ERR	MUTED	SUSTAIN	0	0	0b10	960
480	356	CRC_ERR	MUTED	SUSTAIN	0	0	0b10	960
481	363	CRC_ERR	MUTED	SUSTAIN	0	0	0b10	960
482	375	CRC_ERR	MUTED	SUSTAIN	0	0	0b10	960
483	356	CRC_ERR	MUTED	SUSTAIN	0	0	0b10	960
484	363	CRC_ERR	MUTED	SUSTAIN	0	0	0b10	960
485	375	CRC_ERR	MUTED	SUSTAIN	0	0	0b10	960
486	356	CRC_ERR	MUTED	SUSTAIN	0	0	0b10	960
487	363	CRC_ERR	MUTED	SUSTAIN	0	0	0b10	960
488	375	CRC_ERR	MUTED	SUSTAIN	0	0	0b10	960
489	356	CRC_ERR	MUTED	SUSTAIN	0	0	0b10	960
490	363	CRC_ERR	MUTED	SUSTAIN	0	0	0b10	960
491	375	CRC_ERR	MUTED	SUSTAIN	0	0	0b10	960
492	356	CRC_ERR	MUTED	SUSTAIN	0	0	0b10	960
493	363	CRC_ERR	MUTED	SUSTAIN	0	0	0b10	960
494	375	CRC_ERR	MUTED	SUSTAIN	0	0	0b10	960
495	356	CRC_ERR	MUTED	SUSTAIN	0	0	0b10	960
496	363	CRC_ERR	MUTED	SUSTAIN	0	0	0b10	960
497	375	CRC_ERR	MUTED	SUSTAIN	0	0	0b10	960
498	356	CRC_ERR	MUTED	SUSTAIN	0	0	0b10	960
499	364	CRC_ERR	MUTED	SUSTAIN	0	0	0b10	960
500	374	CRC_ERR	MUTED	SUSTAIN	0	0	0b10	960
501	356	CRC_ERR	MUTED	SUSTAIN	0	0	0b10	960
502	363	CRC_ERR	MUTED	SUSTAIN	0	0	0b10	960
503	375	CRC_ERR	MUTED	SUSTAIN	0	0	0b10	960
504	356	CRC_ERR	MUTED	SUSTAIN	0	0	0b10	960
505	363	CRC_ERR	MUTED	SUSTAIN	0	0	0b10	960
506	375	CRC_ERR	MUTED	SUSTAIN	0	0	0b10	960
507	356	CRC_ERR	MUTED	SUSTAIN	0	0	0b10	960
508	363	CRC_ERR	MUTED	SUSTAIN	0	0	0b10	960
509	375	CRC_ERR	MUTED	SUSTAIN	0	0	0b10	960
510	356	CRC_ERR	MUTED	SUSTAIN	0	0	0b10	960
511	363	CRC_ERR	MUTED	SUSTAIN	0	0	0b10	960
512	375	CRC_ERR	MUTED	SUSTAIN	0	0	0b10	960
513	356	CRC_ERR	MUTED	SUSTAIN	0	0	0b10	960
514	363	CRC_ERR	MUTED	SUSTAIN	0	0	0b10	960
515	375	CRC_ERR	MUTED	SUSTAIN	0	0	0b10	960
516	356	CRC_ERR	MUTED	SUSTAIN	0	0	0b10	960
517	363	CRC_ERR	MUTED	SUSTAIN	0	0	0b10	960
518	375	CRC_ERR	MUTED	SUSTAIN	0	0	0b10	960
519	356	CRC_ERR	MUTED	SUSTAIN	0	0	0b10	960
520	363	CRC_ERR	MUTED	SUSTAIN	0	0	0b10	960
521	375	CRC_ERR	MUTED	SUSTAIN	0	0	0b10	960
522	356	CRC_ERR	MUTED	SUSTAIN	0	0	0b10	960
523	363	CRC_ERR	MUTED	SUSTAIN	0	0	0b10	960
524	375	CRC_ERR	MUTED	SUSTAIN	0	0	0b10	960
525	356	CRC_ERR	MUTED	SUSTAIN	0	0	0b10	960
526	363	CRC_ERR	MUTED	SUSTAIN	0	0	0b10	960
527	375	CRC_ERR	MUTED	SUSTAIN	0	0	0b10	960
528	356	CRC_ERR	MUTED	SUSTAIN	0	0	0b10	960
529	363	CRC_ERR	MUTED	SUSTAIN	0	0	0b10	960
530	375	CRC_ERR	MUTED	SUSTAIN	0	0	0b10	960
531	356	CRC_ERR	MUTED	SUSTAIN	0	0	0b10	960
532	363	CRC_ERR	MUTED	SUSTAIN	0	0	0b10	960
533	375	CRC_ERR	MUTED	SUSTAIN	0	0	0b10	960
534	356	CRC_ERR	MUTED	SUSTAIN	0	0	0b10	960
535	363	CRC_ERR	MUTED	SUSTAIN	0	0	0b10	960
536	375	CRC_ERR	MUTED	SUSTAIN	0	0	0b10	960
537	356	CRC_ERR	MUTED	SUSTAIN	0	0	0b10	960
538	363	CRC_ERR	MUTED	SUSTAIN	0	0	0b10	960
539	375	CRC_ERR	MUTED	SUSTAIN	0	0	0b10	960
540	356	CRC_ERR	MUTED	SUSTAIN	0	0	0b10	960
541	363	CRC_ERR	MUTED	SUSTAIN	0	0	0b10	960
542	375	CRC_ERR	MUTED	SUSTAIN	0	0	0b10	960
543	356	CRC_ERR	MUTED	SUSTAIN	0	0	0b10	960
544	363	CRC_ERR	MUTED	SUSTAIN	0	0	0b10	960
545	375	CRC_ERR	MUTED	SUSTAIN	0	0	0b10	960
546	356	CRC_ERR	MUTED	SUSTAIN	0	0	0b10	960
547	363	CRC_ERR	MUTED	SUSTAIN	0	0	0b10	960
548	375	CRC_ERR	MUTED	SUSTAIN	0	0	0b10	960
549	356	CRC_ERR	MUTED	SUSTAIN	0	0	0b10	960
550	363	CRC_ERR	MUTED	SUSTAIN	0	0	0b10	960
551	375	CRC_ERR	MUTED	SUSTAIN	0	0	0b10	960
552	356	CRC_ERR	MUTED	SUSTAIN	0	0	0b10	960
553	363	CRC_ERR	MUTED	SUSTAIN	0	0	0b10	960
554	375	CRC_ERR	MUTED	SUSTAIN	0	0	0b10	960
555	356	CRC_ERR	MUTED	SUSTAIN	0	0	0b10	960
556	363	CRC_ERR	MUTED	SUSTAIN	0	0	0b10	960
557	375	CRC_ERR	MUTED	SUSTAIN	0	0	0b10	960
558	356	CRC_ERR	MUTED	SUSTAIN	0	0	0b10	960
559	363	CRC_ERR	MUTED	SUSTAIN	0	0	0b10	960
560	375	CRC_ERR	MUTED	SUSTAIN	0	0	0b10	960
561	356	CRC_ERR	MUTED	SUSTAIN	0	0	0b10	960
562	363	CRC_ERR	MUTED	SUSTAIN	0	0	0b10	960
563	375	CRC_ERR	MUTED	SUSTAIN	0	0	0b10	960
564	356	CRC_ERR	MUTED	SUSTAIN	0	0	0b10	960
565	363	CRC_ERR	MUTED	SUSTAIN	0	0	0b10	960
566	375	CRC_ERR	MUTED	SUSTAIN	0	0	0b10	960
567	356	CRC_ERR	MUTED	SUSTAIN	0	0	0b10	960
568	363	CRC_ERR	MUTED	SUSTAIN	0	0	0b10	960
569	375	CRC_ERR	MUTED	SUSTAIN	0	0	0b10	960
570	356	CRC_ERR	MUTED	SUSTAIN	0	0	0b10	960
571	363	CRC_ERR	MUTED	SUSTAIN	0	0	0b10	960
572	375	CRC_ERR	MUTED	SUSTAIN	0	0	0b10	960
573	356	CRC_ERR	MUTED	SUSTAIN	0	0	0b10	960
574	363	CRC_ERR	MUTED	SUSTAIN	0	0	0b10	960
575	375	CRC_ERR	MUTED	SUSTAIN	0	0	0b10	960
576	356	CRC_ERR	MUTED	SUSTAIN	0	0	0b10	960
577	363	CRC_ERR	MUTED	SUSTAIN	0	0	0b10	960
578	375	CRC_ERR	MUTED	SUSTAIN	0	0	0b10	960
579	356	CRC_ERR	MUTED	SUSTAIN	0	0	0b10	960
580	363	CRC_ERR	MUTED	SUSTAIN	0	0	0b10	960
581	375	CRC_ERR	MUTED	SUSTAIN	0	0	0b10	960
582	356	CRC_ERR	MUTED	SUSTAIN	0	0	0b10	960
583	363	CRC_ERR	MUTED	SUSTAIN	0	0	0b10	960
584	375	CRC_ERR	MUTED	SUSTAIN	0	0	0b10	960
585	356	CRC_ERR	MUTED	SUSTAIN	0	0	0b10	960
586	363	CRC_ERR	MUTED	SUSTAIN	0	0	0b10	960
587	375	CRC_ERR	MUTED	SUSTAIN	0	0	0b10	960
588	356	CRC_ERR	MUTED	SUSTAIN	0	0	0b10	960
589	363	CRC_ERR	MUTED	SUSTAIN	0	0	0b10	960
590	375	CRC_ERR	MUTED	SUSTAIN	0	0	0b10	960
591	356	CRC_ERR	MUTED	SUSTAIN	0	0	0b10	960
592	363	CRC_ERR	MUTED	SUSTAIN	0	0	0b10	960
593	375	CRC_ERR	MUTED	SUSTAIN	0	0	0b10	960
594	356	CRC_ERR	MUTED	SUSTAIN	0	0	0b10	960
595	363	CRC_ERR	MUTED	SUSTAIN	0	0	0b10	960
596	375	CRC_ERR	MUTED	SUSTAIN	0	0	0b10	960
597	356	CRC_ERR	MUTED	SUSTAIN	0	0	0b10	960
598	363	CRC_ERR	MUTED	SUSTAIN	0	0	0b10	960
599	375	CRC_ERR	MUTED	SUSTAIN	0	0	0b10	960
600	357	CRC_ERR	MUTED	SUSTAIN	0	0	0b10	960
601	362	CRC_ERR	MUTED	SUSTAIN	0	0	0b10	960
602	375	CRC_ERR	MUTED	SUSTAIN	0	0	0b10	960
603	357	CRC_ERR	MUTED	SUSTAIN	0	0	0b10	960
604	363	CRC_ERR	MUTED	SUSTAIN	0	0	0b10	960
605	374	CRC_ERR	MUTED	SUSTAIN	0	0	0b10	960
606	357	CRC_ERR	MUTED	SUSTAIN	0	0	0b10	960
607	363	CRC_ERR	MUTED	SUSTAIN	0	0	0b10	960
608	374	CRC_ERR	MUTED	SUSTAIN	0	0	0b10	960
609	357	CRC_ERR	MUTED	SUSTAIN	0	0	0b10	960
610	363	CRC_ERR	MUTED	SUSTAIN	0	0	0b10	960
611	374	CRC_ERR	MUTED	SUSTAIN	0	0	0b10	960
612	357	CRC_ERR	MUTED	SUSTAIN	0	0	0b10	960
613	363	CRC_ERR	MUTED	SUSTAIN	0	0	0b10	960
614	374	CRC_ERR	MUTED	SUSTAIN	0	0	0b10	960
615	357	CRC_ERR	MUTED	SUSTAIN	0	0	0b10	960
616	363	CRC_ERR	MUTED	SUSTAIN	0	0	0b10	960
617	374	CRC_ERR	MUTED	SUSTAIN	0	0	0b10	960
618	357	CRC_ERR	MUTED	SUSTAIN	0	0	0b10	960
619	363	CRC_ERR	MUTED	SUSTAIN	0	0	0b10	960
620	374	CRC_ERR	MUTED	SUSTAIN	0	0	0b10	960
621	357	CRC_ERR	MUTED	SUSTAIN	0	0	0b10	960
622	364	CRC_ERR	MUTED	SUSTAIN	0	0	0b10	960
623	373	CRC_ERR	MUTED	SUSTAIN	0	0	0b10	960
624	357	CRC_ERR	MUTED	SUSTAIN	0	0	0b10	960
625	363	CRC_ERR	MUTED	SUSTAIN	0	0	0b10	960
626	374	CRC_ERR	MUTED	SUSTAIN	0	0	0b10	960
627	357	CRC_ERR	MUTED	SUSTAIN	0	0	0b10	960
628	363	CRC_ERR	MUTED	SUSTAIN	0	0	0b10	960
629	374	CRC_ERR	MUTED	SUSTAIN	0	0	0b10	960
630	357	CRC_ERR	MUTED	SUSTAIN	0	0	0b10	960
631	363	CRC_ERR	MUTED	SUSTAIN	0	0	0b10	960
632	374	CRC_ERR	MUTED	SUSTAIN	0	0	0b10	960
633	357	CRC_ERR	MUTED	SUSTAIN	0	0	0b10	960
634	363	CRC_ERR	MUTED	SUSTAIN	0	0	0b10	960
635	374	CRC_ERR	MUTED	SUSTAIN	0	0	0b10	960
636	357	CRC_ERR	MUTED	SUSTAIN	0	0	0b10	960
637	363	CRC_ERR	MUTED	SUSTAIN	0	0	0b10	960
638	374	CRC_ERR	MUTED	SUSTAIN	0	0	0b10	960
639	357	CRC_ERR	MUTED	SUSTAIN	0	0	0b10	960
640	363	CRC_ERR	MUTED	SUSTAIN	0	0	0b10	960
641	374	CRC_ERR	MUTED	SUSTAIN	0	0	0b10	960
642	357	CRC_ERR	MUTED	SUSTAIN	0	0	0b10	960
643	363	CRC_ERR	MUTED	SUSTAIN	0	0	0b10	960
644	374	CRC_ERR	MUTED	SUSTAIN	0	0	0b10	960
645	357	CRC_ERR	MUTED	SUSTAIN	0	0	0b10	960
646	363	CRC_ERR	MUTED	SUSTAIN	0	0	0b10	960
647	374	CRC_ERR	MUTED	SUSTAIN	0	0	0b10	960
648	357	CRC_ERR	MUTED	SUSTAIN	0	0	0b10	960
649	363	CRC_ERR	MUTED	SUSTAIN	0	0	0b10	960
650	374	CRC_ERR	MUTED	SUSTAIN	0	0	0b10	960
651	357	CRC_ERR	MUTED	SUSTAIN	0	0	0b10	960
652	363	CRC_ERR	MUTED	SUSTAIN	0	0	0b10	960
653	374	CRC_ERR	MUTED	SUSTAIN	0	0	0b10	960
654	357	CRC_ERR	MUTED	SUSTAIN	0	0	0b10	960
655	363	CRC_ERR	MUTED	SUSTAIN	0	0	0b10	960
656	374	CRC_ERR	MUTED	SUSTAIN	0	0	0b10	960
657	357	CRC_ERR	MUTED	SUSTAIN	0	0	0b10	960
658	363	CRC_ERR	MUTED	SUSTAIN	0	0	0b10	960
659	374	CRC_ERR	MUTED	SUSTAIN	0	0	0b10	960
660	357	CRC_ERR	MUTED	SUSTAIN	0	0	0b10	960
661	363	CRC_ERR	MUTED	SUSTAIN	0	0	0b10	960
662	374	CRC_ERR	MUTED	SUSTAIN	0	0	0b10	960
663	357	CRC_ERR	MUTED	SUSTAIN	0	0	0b10	960
664	363	CRC_ERR	MUTED	SUSTAIN	0	0	0b10	960
665	374	CRC_ERR	MUTED	SUSTAIN	0	0	0b10	960
666	357	CRC_ERR	MUTED	SUSTAIN	0	0	0b10	960
667	363	CRC_ERR	MUTED	SUSTAIN	0	0	0b10	960
668	374	CRC_ERR	MUTED	SUSTAIN	0	0	0b10	960
669	357	CRC_ERR	MUTED	SUSTAIN	0	0	0b10	960
670	363	CRC_ERR	MUTED	SUSTAIN	0	0	0b10	960
671	374	CRC_ERR	MUTED	SUSTAIN	0	0	0b10	960
672	357	CRC_ERR	MUTED	SUSTAIN	0	0	0b10	960
673	363	CRC_ERR	MUTED	SUSTAIN	0	0	0b10	960
674	374	CRC_ERR	MUTED	SUSTAIN	0	0	0b10	960
675	357	CRC_ERR	MUTED	SUSTAIN	0	0	0b10	960
676	363	CRC_ERR	MUTED	SUSTAIN	0	0	0b10	960
677	374	CRC_ERR	MUTED	SUSTAIN	0	0	0b10	960
678	357	CRC_ERR	MUTED	SUSTAIN	0	0	0b10	960
679	363	CRC_ERR	MUTED	SUSTAIN	0	0	0b10	960
680	374	CRC_ERR	MUTED	SUSTAIN	0	0	0b10	960
681	357	CRC_ERR	MUTED	SUSTAIN	0	0	0b10	960
682	363	CRC_ERR	MUTED	SUSTAIN	0	0	0b10	960
683	374	CRC_ERR	MUTED	SUSTAIN	0	0	0b10	960
684	357	CRC_ERR	MUTED	SUSTAIN	0	0	0b10	960
685	364	CRC_ERR	MUTED	SUSTAIN	0	0	0b10	960
686	373	CRC_ERR	MUTED	SUSTAIN	0	0	0b10	960
687	357	CRC_ERR	MUTED	SUSTAIN	0	0	0b10	960
688	363	CRC_ERR	MUTED	SUSTAIN	0	0	0b10	960
689	374	CRC_ERR	MUTED	SUSTAIN	0	0	0b10	960
690	357	CRC_ERR	MUTED	SUSTAIN	0	0	0b10	960
691	363	CRC_ERR	MUTED	SUSTAIN	0	0	0b10	960
692	374	CRC_ERR	MUTED	SUSTAIN	0	0	0b10	960
693	357	CRC_ERR	MUTED	SUSTAIN	0	0	0b10	960
694	363	CRC_ERR	MUTED	SUSTAIN	0	0	0b10	960
695	374	CRC_ERR	MUTED	SUSTAIN	0	0	0b10	960
696	357	CRC_ERR	MUTED	SUSTAIN	0	0	0b10	960
697	363	CRC_ERR	MUTED	SUSTAIN	0	0	0b10	960
698	374	CRC_ERR	MUTED	SUSTAIN	0	0	0b10	960
699	357	CRC_ERR	MUTED	SUSTAIN	0	0	0b10	960
700	363	CRC_ERR	MUTED	SUSTAIN	0	0	0b10	960
701	374	CRC_ERR	MUTED	SUSTAIN	0	0	0b10	960
702	357	CRC_ERR	MUTED	SUSTAIN	0	0	0b10	960
703	363	CRC_ERR	MUTED	SUSTAIN	0	0	0b10	960
704	374	CRC_ERR	MUTED	SUSTAIN	0	0	0b10	960
705	357	CRC_ERR	MUTED	SUSTAIN	0	0	0b10	960
706	363	CRC_ERR	MUTED	SUSTAIN	0	0	0b10	960
707	374	CRC_ERR	MUTED	SUSTAIN	0	0	0b10	960
708	357	CRC_ERR	MUTED	SUSTAIN	0	0	0b10	960
709	363	CRC_ERR	MUTED	SUSTAIN	0	0	0b10	960
710	374	CRC_ERR	MUTED	SUSTAIN	0	0	0b10	960
711	357	CRC_ERR	MUTED	SUSTAIN	0	0	0b10	960
712	363	CRC_ERR	MUTED	SUSTAIN	0	0	0b10	960
713	374	CRC_ERR	MUTED	SUSTAIN	0	0	0b10	960
714	357	CRC_ERR	MUTED	SUSTAIN	0	0	0b10	960
715	363	CRC_ERR	MUTED	SUSTAIN	0	0	0b10	960
716	374	CRC_ERR	MUTED	SUSTAIN	0	0	0b10	960
717	357	CRC_ERR	MUTED	SUSTAIN	0	0	0b10	960
718	363	CRC_ERR	MUTED	SUSTAIN	0	0	0b10	960
719	374	CRC_ERR	MUTED	SUSTAIN	0	0	0b10	960
720	357	CRC_ERR	MUTED	SUSTAIN	0	0	0b10	960
721	363	CRC_ERR	MUTED	SUSTAIN	0	0	0b10	960
722	374	CRC_ERR	MUTED	SUSTAIN	0	0	0b10	960
723	357	CRC_ERR	MUTED	SUSTAIN	0	0	0b10	960
724	363	CRC_ERR	MUTED	SUSTAIN	0	0	0b10	960
725	374	CRC_ERR	MUTED	SUSTAIN	0	0	0b10	960
726	357	CRC_ERR	MUTED	SUSTAIN	0	0	0b10	960
727	363	CRC_ERR	MUTED	SUSTAIN	0	0	0b10	960
728	374	CRC_ERR	MUTED	SUSTAIN	0	0	0b10	960
729	357	CRC_ERR	MUTED	SUSTAIN	0	0	0b10	960
730	363	CRC_ERR	MUTED	SUSTAIN	0	0	0b10	960
731	374	CRC_ERR	MUTED	SUSTAIN	0	0	0b10	960
732	357	CRC_ERR	MUTED	SUSTAIN	0	0	0b10	960
733	363	CRC_ERR	MUTED	SUSTAIN	0	0	0b10	960
734	374	CRC_ERR	MUTED	SUSTAIN	0	0	0b10	960
735	357	CRC_ERR	MUTED	SUSTAIN	0	0	0b10	960
736	363	CRC_ERR	MUTED	SUSTAIN	0	0	0b10	960
737	374	CRC_ERR	MUTED	SUSTAIN	0	0	0b10	960
738	357	CRC_ERR	MUTED	SUSTAIN	0	0	0b10	960
739	363	CRC_ERR	MUTED	SUSTAIN	0	0	0b10	960
740	374	CRC_ERR	MUTED	SUSTAIN	0	0	0b10	960
741	357	CRC_ERR	MUTED	SUSTAIN	0	0	0b10	960
742	363	CRC_ERR	MUTED	SUSTAIN	0	0	0b10	960
743	374	CRC_ERR	MUTED	SUSTAIN	0	0	0b10	960
744	357	CRC_ERR	MUTED	SUSTAIN	0	0	0b10	960
745	363	CRC_ERR	MUTED	SUSTAIN	0	0	0b10	960
746	374	CRC_ERR	MUTED	SUSTAIN	0	0	0b10	960
747	357	CRC_ERR	MUTED	SUSTAIN	0	0	0b10	960
748	363	CRC_ERR	MUTED	SUSTAIN	0	0	0b10	960
749	374	CRC_ERR	MUTED	SUSTAIN	0	0	0b10	960
